7zip
alsa-lib
alsa-utils
aws-cli-v2
base
base-devel
bash-completion
bat
bluetui
bolt
bottom
brightnessctl
btop
btrfs-progs
chezmoi
chromium
clang
cmake
cups
cups-browsed
cups-filters
cups-pdf
distrobox
dnsmasq
docker
docker-buildx
docker-compose
dosfstools
dotnet-runtime-9.0
duf
dust
efibootmgr
evince
exfatprogs
expac
eza
fastfetch
fcitx5
fcitx5-gtk
fcitx5-qt
fd
ffmpegthumbnailer
flatpak
fontconfig
fwupd
fzf
ghostty
git
github-cli
gnome-calculator
gnome-disk-utility
gnome-keyring
gnome-themes-extra
gpu-screen-recorder
greetd
greetd-tuigreet
grim
gst-plugin-pipewire
gum
gvfs-mtp
gvfs-nfs
gvfs-smb
imagemagick
impala
imv
inetutils
intel-media-driver
intel-ucode
inxi
iwd
jq
just
kernel-modules-hook
kvantum-qt5
lazydocker
lazygit
less
lib32-nvidia-utils
lib32-vulkan-intel
libpulse
libqalculate
libva-nvidia-driver
libva-utils
libyaml
limine
linux
linux-firmware
linux-headers
llvm
luarocks
mako
man-db
mariadb-libs
mise
mpv
nautilus
nautilus-python
neovim
nfs-utils
niri
noto-fonts
noto-fonts-cjk
noto-fonts-emoji
nss-mdns
nvidia-container-toolkit
nvidia-open-dkms
nvidia-prime
nvidia-utils
opencode
pamixer
pavucontrol
pipewire
pipewire-alsa
pipewire-jack
pipewire-pulse
playerctl
plocate
plymouth
polkit-gnome
postgresql-libs
power-profiles-daemon
prismlauncher
python-gobject
python-poetry-core
qemu-desktop
qt5-wayland
rclone
reflector
ripgrep
ruby
rust
satty
slurp
socat
sof-firmware
starship
steam
sudo
sushi
swaybg
swayosd
system-config-printer
tailscale
tesseract
tesseract-data-eng
thermald
tldr
tmux
tree-sitter-cli
ttf-jetbrains-mono-nerd
ufw
unzip
upower
usage
virt-manager
vpl-gpu-rt
vulkan-intel
waybar
wget
whois
wireless-regdb
wiremix
wireplumber
wl-clipboard
woff2-font-awesome
xdg-desktop-portal-gnome
xdg-desktop-portal-gtk
xmlstarlet
xwayland-satellite
yazi
zoxide
zram-generator
zsh
zsh-syntax-highlighting
