aether
cliamp
elephant
elephant-bluetooth
elephant-calc
elephant-clipboard
elephant-desktopapplications
elephant-files
elephant-menus
elephant-providerlist
elephant-runner
elephant-symbols
elephant-todo
elephant-unicode
elephant-websearch
fchat-horizon-bin
flyline-bin
google-cloud-cli
helium-browser-bin
limine-mkinitcpio-hook
limine-snapper-sync
localsend
noctalia
python-terminaltexteffects
rimsort-bin
supergfxctl
ttf-ia-writer
tzupdate
ufw-docker
visual-studio-code-bin
walker
xdg-terminal-exec
xpadneo-dkms
yaru-icon-theme
zen-browser-bin
helium-browser-bin
zen-browser-bin
